Add Results:
  List All:
    Last Series
    New Series
    Series 1
    Series 2
    Series 3
    Series 4

Remove Results:
  List All:
    Last Series
    Series 1
    Series 2
    Series 3
    Series 4
