Default List:
  Last Series
  Series 1
  Series 2
  Series 3
  Series 4
  
